c:\users\papez\source\repos\zpg_papez\zpg_papez\x64\debug\vc145.pdb
c:\users\papez\source\repos\zpg_papez\zpg_papez\x64\debug\vc145.idb
c:\users\papez\source\repos\zpg_papez\zpg_papez\x64\debug\shader.obj
c:\users\papez\source\repos\zpg_papez\zpg_papez\x64\debug\model.obj
c:\users\papez\source\repos\zpg_papez\zpg_papez\x64\debug\main.obj
c:\users\papez\source\repos\zpg_papez\zpg_papez\x64\debug\application.obj
c:\users\papez\source\repos\zpg_papez\x64\debug\zpg_papez.pdb
c:\users\papez\source\repos\zpg_papez\zpg_papez\x64\debug\zpg_papez.tlog\cl.command.1.tlog
c:\users\papez\source\repos\zpg_papez\zpg_papez\x64\debug\zpg_papez.tlog\cl.read.1.tlog
c:\users\papez\source\repos\zpg_papez\zpg_papez\x64\debug\zpg_papez.tlog\cl.write.1.tlog
c:\users\papez\source\repos\zpg_papez\zpg_papez\x64\debug\zpg_papez.tlog\link-cvtres.read.1.tlog
c:\users\papez\source\repos\zpg_papez\zpg_papez\x64\debug\zpg_papez.tlog\link-cvtres.write.1.tlog
c:\users\papez\source\repos\zpg_papez\zpg_papez\x64\debug\zpg_papez.tlog\link-mt.read.1.tlog
c:\users\papez\source\repos\zpg_papez\zpg_papez\x64\debug\zpg_papez.tlog\link-mt.write.1.tlog
c:\users\papez\source\repos\zpg_papez\zpg_papez\x64\debug\zpg_papez.tlog\link-rc.read.1.tlog
c:\users\papez\source\repos\zpg_papez\zpg_papez\x64\debug\zpg_papez.tlog\link-rc.write.1.tlog
c:\users\papez\source\repos\zpg_papez\zpg_papez\x64\debug\zpg_papez.tlog\link.command.1.tlog
c:\users\papez\source\repos\zpg_papez\zpg_papez\x64\debug\zpg_papez.tlog\link.read.1.tlog
c:\users\papez\source\repos\zpg_papez\zpg_papez\x64\debug\zpg_papez.tlog\link.read.2.tlog
c:\users\papez\source\repos\zpg_papez\zpg_papez\x64\debug\zpg_papez.tlog\link.write.1.tlog
